// Jest Snapshot v1, https://goo.gl/fbAQLP

exports[`renders correctly 1`] = `
<div
  id="show-profile"
>
  <div
    className="wrap-header"
  >
    <h1
      className="title"
    >
      Maxence
       
      De Waele
    </h1>
    <button
      onClick={[Function]}
    >
      Modifier
    </button>
  </div>
  <div
    className="wrap-content"
  >
    <div
      className="wrap-datas"
    >
      <div
        className="avatar"
      >
        <img
          alt="avatar"
          src="https://cdn.pixabay.com/photo/2015/10/05/22/37/blank-profile-picture-973460_960_720.png"
        />
      </div>
      <div
        className="github"
      >
        <h2
          className="subtitle"
        >
          Profil Github
        </h2>
        <p>
          <span
            className="key"
          >
            Login : 
          </span>
        </p>
        <p>
          <span
            className="key"
          >
            Created at : 
          </span>
          07-06-2018
        </p>
        <p>
          <span
            className="key"
          >
            Followers : 
          </span>
        </p>
        <p>
          <span
            className="key"
          >
            Following : 
          </span>
        </p>
        <p>
          <span
            className="key"
          >
            Public repos : 
          </span>
        </p>
        <ul>
          
        </ul>
      </div>
    </div>
    <div
      className="content"
    >
      <h2
        className="subtitle"
      >
        Profil personnel
      </h2>
      <p>
        Maxence
          
        De Waele
      </p>
      <p>
        mdewaele
      </p>
      <p>
        maxencedewaele@gmail.com
      </p>
      <p>
        2018-06-07
      </p>
    </div>
  </div>
</div>
`;
